ï¿½Hï¿½ï¿½ï¿½ï¿½ (POWERON_RESET),boot:0x13 (SPï¿½ets Jun  8 2016 00:22:57

rst:0x1 (POWERON_RESET),boot:0x13 (SPI_FAST_FLASH_BOOT)
configsip: 0, SPIWP:0xee
clk_drv:0x00,q_drv:0x00,d_drv:0x00,cs0_drv:0x00,hd_drv:0x00,wp_drv:0x00
mode:DIO, clock div:1
load:0x3fff0030,len:7524
load:0x40078000,len:16552
load:0x40080400,len:4
load:0x40080404,len:4312
entry 0x4008065c
[0;32mI (28) boot: ESP-IDF v5.3-dev-2672-g6b9c2fca79 2nd stage bootloader[0m
[0;32mI (29) boot: compile time May 27 2024 19:04:22[0m
[0;32mI (30) boot: Multicore bootloader[0m
[0;32mI (34) boot: chip revision: v1.0[0m
[0;32mI (38) qio_mode: Enabling default flash chip QIO[0m
[0;32mI (43) boot.esp32: SPI Speed      : 80MHz[0m
[0;32mI (48) boot.esp32: SPI Mode       : QIO[0m
[0;32mI (53) boot.esp32: SPI Flash Size : 4MB[0m
[0;32mI (57) boot: Enabling RNG early entropy source...[0m
[0;32mI (63) boot: Partition Table:[0m
[0;32mI (66) boot: ## Label            Usage          Type ST Offset   Length[0m
[0;32mI (73) boot:  0 nvs              WiFi data        01 02 00009000 00006000[0m
[0;32mI (81) boot:  1 phy_init         RF data          01 01 0000f000 00001000[0m
[0;32mI (88) boot:  2 factory          factory app      00 00 00010000 00300000[0m
[0;32mI (96) boot: End of partition table[0m
[0;32mI (100) esp_image: segment 0: paddr=00010020 vaddr=3f400020 size=1b56c4h (1791684) map[0m
[0;32mI (568) esp_image: segment 1: paddr=001c56ec vaddr=3ffb0000 size=0336ch ( 13164) load[0m
[0;32mI (572) esp_image: segment 2: paddr=001c8a60 vaddr=40080000 size=075b8h ( 30136) load[0m
[0;32mI (583) esp_image: segment 3: paddr=001d0020 vaddr=400d0020 size=33310h (209680) map[0m
[0;32mI (637) esp_image: segment 4: paddr=00203338 vaddr=400875b8 size=09634h ( 38452) load[0m
[0;32mI (657) boot: Loaded app from partition at offset 0x10000[0m
[0;32mI (658) boot: Disabling RNG early entropy source...[0m
[0;32mI (669) cpu_start: Multicore app[0m
[0;32mI (669) quad_psram: This chip is ESP32-D0WD[0m
[0;32mI (669) esp_psram: Found 8MB PSRAM device[0m
[0;32mI (671) esp_psram: Speed: 80MHz[0m
[0;32mI (675) esp_psram: PSRAM initialized, cache is in low/high (2-core) mode.[0m
[0;33mW (683) esp_psram: Virtual address not enough for PSRAM, map as much as we can. 4MB is mapped[0m
[0;32mI (1155) esp_psram: SPI SRAM memory test OK[0m
[0;32mI (1163) cpu_start: Pro cpu start user code[0m
[0;32mI (1163) cpu_start: cpu freq: 240000000 Hz[0m
[0;32mI (1163) app_init: Application information:[0m
[0;32mI (1166) app_init: Project name:     person_detection[0m
[0;32mI (1172) app_init: App version:      1[0m
[0;32mI (1176) app_init: Compile time:     May 28 2024 15:56:14[0m
[0;32mI (1183) app_init: ELF file SHA256:  6f800eb15...[0m
[0;32mI (1188) app_init: ESP-IDF:          v5.3-dev-2672-g6b9c2fca79[0m
[0;32mI (1194) efuse_init: Min chip rev:     v0.0[0m
[0;32mI (1199) efuse_init: Max chip rev:     v3.99 [0m
[0;32mI (1204) efuse_init: Chip rev:         v1.0[0m
[0;32mI (1209) heap_init: Initializing. RAM available for dynamic allocation:[0m
[0;32mI (1217) heap_init: At 3FFAE6E0 len 00001920 (6 KiB): DRAM[0m
[0;32mI (1223) heap_init: At 3FFB41A8 len 0002BE58 (175 KiB): DRAM[0m
[0;32mI (1229) heap_init: At 3FFE0440 len 00003AE0 (14 KiB): D/IRAM[0m
[0;32mI (1235) heap_init: At 3FFE4350 len 0001BCB0 (111 KiB): D/IRAM[0m
[0;32mI (1242) heap_init: At 40090BEC len 0000F414 (61 KiB): IRAM[0m
[0;32mI (1248) esp_psram: Adding pool of 4096K of PSRAM memory to heap allocator[0m
[0;32mI (1256) spi_flash: detected chip: generic[0m
[0;32mI (1260) spi_flash: flash io: qio[0m
[0;33mW (1265) i2c: This driver is an old driver, please migrate your application code to adapt `driver/i2c_master.h`[0m
[0;32mI (1276) main_task: Started on CPU0[0m
[0;32mI (1286) main_task: Calling app_main()[0m
[0;32mI (1286) gpio: GPIO[4]| InputEn: 0| OutputEn: 0| OpenDrain: 0| Pullup: 1| Pulldown: 0| Intr:0 [0m
[0;32mI (1296) gpio: GPIO[25]| InputEn: 1| OutputEn: 0| OpenDrain: 0| Pullup: 1| Pulldown: 0| Intr:2 [0m
[0;32mI (1296) cam_hal: cam init ok[0m
[0;32mI (1306) sccb: pin_sda 26 pin_scl 27[0m
[0;32mI (1306) sccb: sccb_i2c_port=1[0m
[0;32mI (1306) gpio: GPIO[32]| InputEn: 0| OutputEn: 1| OpenDrain: 0| Pullup: 0| Pulldown: 0| Intr:0 [0m
[0;32mI (1346) camera: Detected camera at address=0x30[0m
[0;32mI (1346) camera: Detected OV2640 camera[0m
[0;32mI (1346) camera: Camera PID=0x26 VER=0x42 MIDL=0x7f MIDH=0xa2[0m
[0;32mI (1416) esp32 ll_cam: node_size: 3072, nodes_per_line: 1, lines_per_node: 4, dma_half_buffer_min:  3072, dma_half_buffer: 12288,lines_per_half_buffer: 16, dma_buffer_size: 24576, image_size: 18432[0m
[0;32mI (1426) cam_hal: buffer_size: 24576, half_buffer_size: 12288, node_buffer_size: 3072, node_cnt: 8, total_cnt: 1[0m
[0;32mI (1436) cam_hal: Allocating 9216 Byte frame buffer in PSRAM[0m
[0;32mI (1446) cam_hal: Allocating 9216 Byte frame buffer in PSRAM[0m
[0;32mI (1446) cam_hal: cam config ok[0m
[0;32mI (1456) ov2640: Set PLL: clk_2x: 0, clk_div: 3, pclk_auto: 1, pclk_div: 8[0m
Camera Initialized

Image Captured

bird score:9%, no bird score 91%
Image Captured

bird score:8%, no bird score 92%
Image Captured

bird score:19%, no bird score 81%
Image Captured

bird score:13%, no bird score 87%
Image Captured

bird score:19%, no bird score 81%
Image Captured

bird score:21%, no bird score 79%
Image Captured

bird score:23%, no bird score 77%
Image Captured

bird score:18%, no bird score 82%
Image Captured

bird score:0%, no bird score 100%
Image Captured

bird score:18%, no bird score 82%
Image Captured

bird score:7%, no bird score 93%
Image Captured

bird score:4%, no bird score 96%
Image Captured

bird score:4%, no bird score 96%
Image Captured

bird score:5%, no bird score 95%
Image Captured

bird score:16%, no bird score 84%
Image Captured

bird score:9%, no bird score 91%
Image Captured

bird score:13%, no bird score 87%
Image Captured

bird score:10%, no bird score 90%
Image Captured

bird score:6%, no bird score 94%
Image Captured

bird score:9%, no bird score 91%
Image Captured

bird score:10%, no bird score 90%
Image Captured

bird score:8%, no bird score 92%
Image Captured

bird score:4%, no bird score 96%
Image Captured

bird score:8%, no bird score 92%
Image Captured

bird score:9%, no bird score 91%
Image Captured

bird score:7%, no bird score 93%
Image Captured

bird score:0%, no bird score 100%
Image Captured

bird score:5%, no bird score 95%
Image Captured

bird score:9%, no bird score 91%
Image Captured

bird score:7%, no bird score 93%
Image Captured

bird score:9%, no bird score 91%
Image Captured

bird score:9%, no bird score 91%
Image Captured

bird score:0%, no bird score 100%
Image Captured

bird score:0%, no bird score 100%
Image Captured

bird score:9%, no bird score 91%
Image Captured

bird score:10%, no bird score 90%
Image Captured

bird score:11%, no bird score 89%
Image Captured

bird score:4%, no bird score 96%
Image Captured

bird score:7%, no bird score 93%
Image Captured

bird score:9%, no bird score 91%
Image Captured

bird score:16%, no bird score 84%
Image Captured

bird score:28%, no bird score 72%
Image Captured

bird score:18%, no bird score 82%
Image Captured

bird score:9%, no bird score 91%
Image Captured

bird score:14%, no bird score 86%
Image Captured

