Ð’ï¿½Òªï¿½j

rst:0x1 (POWERON_RESET),boot:0x13 (Sï¿½ets Jun  8 2016 00:22:57

rst:0x1 (POWERON_RESET),boot:0x13 (SPI_FAST_FLASH_BOOT)
configsip: 0, SPIWP:0xee
clk_drv:0x00,q_drv:0x00,d_drv:0x00,cs0_drv:0x00,hd_drv:0x00,wp_drv:0x00
mode:DIO, clock div:1
load:0x3fff0030,len:7524
load:0x40078000,len:16552
load:0x40080400,len:4
load:0x40080404,len:4312
entry 0x4008065c
[0;32mI (29) boot: ESP-IDF v5.3-dev-2672-g6b9c2fca79 2nd stage bootloader[0m
[0;32mI (29) boot: compile time May 27 2024 19:04:22[0m
[0;32mI (31) boot: Multicore bootloader[0m
[0;32mI (35) boot: chip revision: v1.1[0m
[0;32mI (39) qio_mode: Enabling default flash chip QIO[0m
[0;32mI (44) boot.esp32: SPI Speed      : 80MHz[0m
[0;32mI (48) boot.esp32: SPI Mode       : QIO[0m
[0;32mI (53) boot.esp32: SPI Flash Size : 4MB[0m
[0;32mI (58) boot: Enabling RNG early entropy source...[0m
[0;32mI (63) boot: Partition Table:[0m
[0;32mI (67) boot: ## Label            Usage          Type ST Offset   Length[0m
[0;32mI (74) boot:  0 nvs              WiFi data        01 02 00009000 00006000[0m
[0;32mI (81) boot:  1 phy_init         RF data          01 01 0000f000 00001000[0m
[0;32mI (89) boot:  2 factory          factory app      00 00 00010000 00180000[0m
[0;32mI (96) boot: End of partition table[0m
[0;32mI (100) esp_image: segment 0: paddr=00010020 vaddr=3f400020 size=5e704h (386820) map[0m
[0;32mI (208) esp_image: segment 1: paddr=0006e72c vaddr=3ffb0000 size=018ech (  6380) load[0m
[0;32mI (210) esp_image: segment 2: paddr=00070020 vaddr=400d0020 size=30f5ch (200540) map[0m
[0;32mI (265) esp_image: segment 3: paddr=000a0f84 vaddr=3ffb18ec size=01a80h (  6784) load[0m
[0;32mI (268) esp_image: segment 4: paddr=000a2a0c vaddr=40080000 size=10bech ( 68588) load[0m
[0;32mI (301) boot: Loaded app from partition at offset 0x10000[0m
[0;32mI (301) boot: Disabling RNG early entropy source...[0m
[0;32mI (312) cpu_start: Multicore app[0m
[0;32mI (312) quad_psram: This chip is ESP32-D0WD[0m
[0;32mI (312) esp_psram: Found 8MB PSRAM device[0m
[0;32mI (314) esp_psram: Speed: 80MHz[0m
[0;32mI (318) esp_psram: PSRAM initialized, cache is in low/high (2-core) mode.[0m
[0;33mW (326) esp_psram: Virtual address not enough for PSRAM, map as much as we can. 4MB is mapped[0m
[0;32mI (798) esp_psram: SPI SRAM memory test OK[0m
[0;32mI (806) cpu_start: Pro cpu start user code[0m
[0;32mI (806) cpu_start: cpu freq: 240000000 Hz[0m
[0;32mI (806) app_init: Application information:[0m
[0;32mI (809) app_init: Project name:     person_detection[0m
[0;32mI (815) app_init: App version:      1[0m
[0;32mI (819) app_init: Compile time:     May 28 2024 15:56:14[0m
[0;32mI (825) app_init: ELF file SHA256:  97996aa49...[0m
[0;32mI (830) app_init: ESP-IDF:          v5.3-dev-2672-g6b9c2fca79[0m
[0;32mI (837) efuse_init: Min chip rev:     v0.0[0m
[0;32mI (842) efuse_init: Max chip rev:     v3.99 [0m
[0;32mI (847) efuse_init: Chip rev:         v1.1[0m
[0;32mI (851) heap_init: Initializing. RAM available for dynamic allocation:[0m
[0;32mI (859) heap_init: At 3FFAE6E0 len 00001920 (6 KiB): DRAM[0m
[0;32mI (865) heap_init: At 3FFB40E8 len 0002BF18 (175 KiB): DRAM[0m
[0;32mI (871) heap_init: At 3FFE0440 len 00003AE0 (14 KiB): D/IRAM[0m
[0;32mI (877) heap_init: At 3FFE4350 len 0001BCB0 (111 KiB): D/IRAM[0m
[0;32mI (884) heap_init: At 40090BEC len 0000F414 (61 KiB): IRAM[0m
[0;32mI (890) esp_psram: Adding pool of 4096K of PSRAM memory to heap allocator[0m
[0;32mI (898) spi_flash: detected chip: generic[0m
[0;32mI (902) spi_flash: flash io: qio[0m
[0;33mW (906) i2c: This driver is an old driver, please migrate your application code to adapt `driver/i2c_master.h`[0m
[0;32mI (917) main_task: Started on CPU0[0m
[0;32mI (927) main_task: Calling app_main()[0m
[0;32mI (927) gpio: GPIO[4]| InputEn: 0| OutputEn: 0| OpenDrain: 0| Pullup: 1| Pulldown: 0| Intr:0 [0m
[0;32mI (947) gpio: GPIO[25]| InputEn: 1| OutputEn: 0| OpenDrain: 0| Pullup: 1| Pulldown: 0| Intr:2 [0m
[0;32mI (947) cam_hal: cam init ok[0m
[0;32mI (947) sccb: pin_sda 26 pin_scl 27[0m
[0;32mI (957) sccb: sccb_i2c_port=1[0m
[0;32mI (957) gpio: GPIO[32]| InputEn: 0| OutputEn: 1| OpenDrain: 0| Pullup: 0| Pulldown: 0| Intr:0 [0m
[0;32mI (997) camera: Detected camera at address=0x30[0m
[0;32mI (997) camera: Detected OV2640 camera[0m
[0;32mI (997) camera: Camera PID=0x26 VER=0x42 MIDL=0x7f MIDH=0xa2[0m
[0;32mI (1067) esp32 ll_cam: node_size: 3072, nodes_per_line: 1, lines_per_node: 4, dma_half_buffer_min:  3072, dma_half_buffer: 12288,lines_per_half_buffer: 16, dma_buffer_size: 24576, image_size: 18432[0m
[0;32mI (1077) cam_hal: buffer_size: 24576, half_buffer_size: 12288, node_buffer_size: 3072, node_cnt: 8, total_cnt: 1[0m
[0;32mI (1087) cam_hal: Allocating 9216 Byte frame buffer in PSRAM[0m
[0;32mI (1097) cam_hal: Allocating 9216 Byte frame buffer in PSRAM[0m
[0;32mI (1097) cam_hal: cam config ok[0m
[0;32mI (1107) ov2640: Set PLL: clk_2x: 0, clk_div: 3, pclk_auto: 1, pclk_div: 8[0m
Camera Initialized

Image Captured

person score:32%, no person score 68%
Image Captured

person score:34%, no person score 66%
Image Captured

person score:13%, no person score 87%
Image Captured

person score:13%, no person score 87%
Image Captured

person score:14%, no person score 86%
Image Captured

person score:17%, no person score 83%
Image Captured

person score:21%, no person score 79%
Image Captured

person score:34%, no person score 66%
Image Captured

person score:63%, no person score 37%
Image Captured

person score:89%, no person score 11%
Image Captured

person score:60%, no person score 40%
Image Captured

person score:39%, no person score 61%
Image Captured

person score:55%, no person score 45%
Image Captured

person score:90%, no person score 10%
Image Captured

person score:94%, no person score 6%
Image Captured

person score:94%, no person score 6%
Image Captured

person score:93%, no person score 7%
Image Captured

person score:95%, no person score 5%
Image Captured

person score:96%, no person score 4%
Image Captured

person score:95%, no person score 5%
Image Captured

person score:95%, no person score 5%
Image Captured

person score:95%, no person score 5%
Image Captured

person score:27%, no person score 73%
Image Captured

person score:14%, no person score 86%
Image Captured

person score:11%, no person score 89%
Image Captured

person score:16%, no person score 84%
Image Captured

person score:14%, no person score 86%
Image Captured

person score:15%, no person score 85%
Image Captured

person score:9%, no person score 91%
Image Captured

person score:27%, no person score 73%
Image Captured

person score:32%, no person score 68%
Image Captured

person score:19%, no person score 81%
Image Captured

person score:30%, no person score 70%
Image Captured

person score:29%, no person score 71%
Image Captured

person score:37%, no person score 63%
Image Captured

person score:23%, no person score 77%
Image Captured

person score:13%, no person score 87%
Image Captured

person score:21%, no person score 79%
Image Captured

person score:30%, no person score 70%
Image Captured

person score:21%, no person score 79%
Image Captured

person score:19%, no person score 81%
Image Captured

person score:19%, no person score 81%
Image Captured

person score:12%, no person score 88%
Image Captured

person score:19%, no person score 81%
Image Captured

person score:28%, no person score 72%
Image Captured

person score:21%, no person score 79%
Image Captured

person score:32%, no person score 68%
Image Captured

person score:61%, no person score 39%
Image Captured

person score:15%, no person score 85%
Image Captured

person score:15%, no person score 85%
Image Captured

person score:18%, no person score 82%
Image Captured

person score:16%, no person score 84%
Image Captured

person score:21%, no person score 79%
Image Captured

person score:26%, no person score 74%
Image Captured

person score:15%, no person score 85%
Image Captured

person score:24%, no person score 76%
Image Captured

person score:29%, no person score 71%
Image Captured

person score:37%, no person score 63%
Image Captured

person score:39%, no person score 61%
Image Captured

person score:20%, no person score 80%
Image Captured

person score:30%, no person score 70%
Image Captured

person score:15%, no person score 85%
Image Captured

person score:15%, no person score 85%
Image Captured

person score:27%, no person score 73%
Image Captured

person score:21%, no person score 79%
Image Captured

person score:26%, no person score 74%
Image Captured

person score:53%, no person score 47%
Image Captured

person score:70%, no person score 30%
Image Captured

person score:43%, no person score 57%
Image Captured

person score:76%, no person score 24%
Image Captured

person score:63%, no person score 37%
Image Captured

person score:80%, no person score 20%
Image Captured

person score:75%, no person score 25%
Image Captured

person score:95%, no person score 5%
Image Captured

person score:72%, no person score 28%
Image Captured

person score:55%, no person score 45%
Image Captured

person score:14%, no person score 86%
Image Captured

person score:11%, no person score 89%
Image Captured

person score:13%, no person score 87%
Image Captured

person score:14%, no person score 86%
Image Captured

person score:24%, no person score 76%
Image Captured

person score:48%, no person score 52%
Image Captured

person score:32%, no person score 68%
Image Captured

person score:33%, no person score 67%
Image Captured

person score:92%, no person score 8%
Image Captured

person score:89%, no person score 11%
Image Captured

person score:89%, no person score 11%
Image Captured

person score:92%, no person score 8%
Image Captured

person score:94%, no person score 6%
Image Captured

person score:17%, no person score 83%
Image Captured

person score:20%, no person score 80%
Image Captured

person score:17%, no person score 83%
Image Captured

person score:29%, no person score 71%
Image Captured

person score:25%, no person score 75%
Image Captured

person score:48%, no person score 52%
Image Captured

person score:52%, no person score 48%
Image Captured

person score:48%, no person score 52%
Image Captured

person score:50%, no person score 50%
Image Captured

person score:48%, no person score 52%
Image Captured

